// Jest Snapshot v1, https://goo.gl/fbAQLP

exports[`Pruebas en <App /> Debe hacer match con el snapshot 1`] = `
<div>
  <h1
    data-testid="test-title"
  >
    Bienvenido
     
    Enrique
  </h1>
  <h2>
    Aprendiendo React
  </h2>
  <p>
    Arreglo 
    1
    2
    3
    4
    5
    6
  </p>
  <p>
    Sumar n√∫meros 4 + 5 
    9
  </p>
  <pre>
    Objeto = 
    {
  "name": "yajaira",
  "edad": 40
}
  </pre>
</div>
`;
